// Jest Snapshot v1, https://goo.gl/fbAQLP

exports[`PieChart render() basic 1`] = `<NonFLRadialChart />`

exports[`PieChart render() if hasCustomColors 1`] = `<NonFLRadialChart />`

exports[`PieChart render() if height 1`] = `<NonFLRadialChart />`

exports[`PieChart render() if innerRadius 1`] = `<NonFLRadialChart />`

exports[`PieChart render() if radius 1`] = `<NonFLRadialChart />`

exports[`PieChart render() if width 1`] = `<NonFLRadialChart />`
